Configuration file: /home/runner/work/jimshreds.github.io/jimshreds.github.io/_config.yml
To use retry middleware with Faraday v2.0+, install `faraday-retry` gem
            Source: /home/runner/work/jimshreds.github.io/jimshreds.github.io
       Destination: /home/runner/work/jimshreds.github.io/jimshreds.github.io/_site
 Incremental build: disabled. Enable with --incremental
      Generating... 
       Jekyll Feed: Generating feed for posts
                    done in 0.557 seconds.
 Auto-regeneration: disabled. Use --watch to enable.
